this is a test
edit
123
